{
  "name": "test6",
  "description": "No math is here, just text"
}