some text without any math expressions
this text contains 3 lines
the third line