{
  "name": "test7",
  "description": "this text contains simple math logic like -2.5"
}